// Jest Snapshot v1, https://goo.gl/fbAQLP

exports[`should take a snapshot 1`] = `
<DocumentFragment>
  <div>
    <ul>
      <li>
        <div
          class="habit-tool-bar"
        >
          <p>
            To Do
          </p>
          <div>
            <button>
              log
            </button>
            <button>
              <a
                href="/habit"
              >
                ...
              </a>
            </button>
          </div>
        </div>
        <p>
          everyday
        </p>
        <div
          class="progress-bar"
        >
          <div
            class="progress-bar-fill"
          />
        </div>
      </li>
      <li>
        <div
          class="habit-tool-bar"
        >
          <p>
            To Do
          </p>
          <div>
            <button>
              log
            </button>
            <button>
              <a
                href="/habit"
              >
                ...
              </a>
            </button>
          </div>
        </div>
        <p>
          everyday
        </p>
        <div
          class="progress-bar"
        >
          <div
            class="progress-bar-fill"
          />
        </div>
      </li>
      <li>
        <div
          class="habit-tool-bar"
        >
          <p>
            To Do
          </p>
          <div>
            <button>
              log
            </button>
            <button>
              <a
                href="/habit"
              >
                ...
              </a>
            </button>
          </div>
        </div>
        <p>
          everyday
        </p>
        <div
          class="progress-bar"
        >
          <div
            class="progress-bar-fill"
          />
        </div>
      </li>
      <li>
        <div
          class="habit-tool-bar"
        >
          <p>
            To Do
          </p>
          <div>
            <button>
              log
            </button>
            <button>
              <a
                href="/habit"
              >
                ...
              </a>
            </button>
          </div>
        </div>
        <p>
          everyday
        </p>
        <div
          class="progress-bar"
        >
          <div
            class="progress-bar-fill"
          />
        </div>
      </li>
      <li>
        <div
          class="habit-tool-bar"
        >
          <p>
            To Do
          </p>
          <div>
            <button>
              log
            </button>
            <button>
              <a
                href="/habit"
              >
                ...
              </a>
            </button>
          </div>
        </div>
        <p>
          everyday
        </p>
        <div
          class="progress-bar"
        >
          <div
            class="progress-bar-fill"
          />
        </div>
      </li>
      <li>
        <div
          class="habit-tool-bar"
        >
          <p>
            To Do
          </p>
          <div>
            <button>
              log
            </button>
            <button>
              <a
                href="/habit"
              >
                ...
              </a>
            </button>
          </div>
        </div>
        <p>
          everyday
        </p>
        <div
          class="progress-bar"
        >
          <div
            class="progress-bar-fill"
          />
        </div>
      </li>
    </ul>
  </div>
</DocumentFragment>
`;
