// Jest Snapshot v1, https://goo.gl/fbAQLP

exports[`should take a snapshot 1`] = `
<DocumentFragment>
  <div>
    <div
      class="habit-container"
    >
      <div
        class="top-buttons"
      >
        <a
          href="/home"
        >
          <img
            alt=""
            class="edit-icon"
            src="back.svg"
          />
        </a>
        <button
          class="no-margin"
        >
          <a
            href="/edit-habit"
          >
            <img
              alt=""
              class="edit-icon"
              src="edit.svg"
            />
          </a>
          <img
            alt=""
            class="edit-icon"
            src="checkmark.svg"
          />
        </button>
      </div>
      <div
        class="habit-title"
      >
        <div
          class="no-margin"
        >
          <h2>
            Practice Code
          </h2>
          <h3>
            everyday
          </h3>
        </div>
      </div>
      <div
        class="completion-container"
      >
        <p>
          Completion Rate
        </p>
        <div
          class="progress-bar"
        >
          <div
            class="progress-bar-fill"
          />
        </div>
        <p>
          26%
        </p>
      </div>
      <div
        class="habit-stats"
      >
        <div
          class="stat-box"
        >
          <p>
            Week
          </p>
          <div
            class="grid-container"
          >
            <div
              class="Sunday"
            >
              S
            </div>
            <div
              class="Monday"
            >
              M
            </div>
            <div
              class="Tuesday"
            >
              T
            </div>
            <div
              class="Wednesday"
            >
              W
            </div>
            <div
              class="Thursday"
            >
              T
            </div>
            <div
              class="Friday"
            >
              F
            </div>
            <div
              class="Saturday"
            >
              S
            </div>
            <div
              class="sunday-fill filled"
            >
              .
            </div>
            <div
              class="monday-fill filled"
            >
              .
            </div>
            <div
              class="tuesday-fill not-filled"
            >
              .
            </div>
            <div
              class="wednesday-fill not-filled"
            >
              .
            </div>
            <div
              class="thursday-fill not-filled"
            >
              .
            </div>
            <div
              class="friday-fill not-filled"
            >
              .
            </div>
            <div
              class="saturday-fill not-filled"
            >
              .
            </div>
          </div>
        </div>
        <div
          class="stat-box"
        >
          <p>
            Current Streak
          </p>
          <p
            id="stats-box-num"
          >
            2
          </p>
          <p>
            days
          </p>
        </div>
        <div
          class="stat-box"
        >
          <p>
            Highest Streak
          </p>
          <p
            id="stats-box-num"
          >
            10
          </p>
          <p>
            days
          </p>
        </div>
      </div>
      <button
        class="delete-button"
      >
        <p>
          Delete
        </p>
      </button>
    </div>
  </div>
</DocumentFragment>
`;
