// Jest Snapshot v1, https://goo.gl/fbAQLP

exports[`should take a snapshot 1`] = `
<DocumentFragment>
  <div
    class=""
  >
    <form
      action=""
      class="add-habit-form"
    >
      <p>
        I want to
      </p>
      <input
        name="habit"
        placeholder="meditate"
        type="text"
      />
      <p>
        every
      </p>
      <div>
        <button
          class="circle-button-s"
          style="color: black;"
          type="button"
          value="sunday"
        >
          S
        </button>
        <button
          class="circle-button-s"
          style="color: black;"
          type="button"
          value="monday"
        >
          M
        </button>
        <button
          class="circle-button-s"
          style="color: black;"
          type="button"
          value="tuesday"
        >
          T
        </button>
        <button
          class="circle-button-s"
          style="color: black;"
          type="button"
          value="wednesday"
        >
          W
        </button>
        <button
          class="circle-button-s"
          style="color: black;"
          type="button"
          value="thursday"
        >
          T
        </button>
        <button
          class="circle-button-s"
          style="color: black;"
          type="button"
          value="friday"
        >
          F
        </button>
        <button
          class="circle-button-s"
          style="color: black;"
          type="button"
          value="saturday"
        >
          S
        </button>
      </div>
      <p>
        for 30 days
      </p>
      <button
        type="submit"
      >
        Submit
      </button>
    </form>
    <div
      class="bottom-toolbar"
    >
      <button>
        <a
          href="/home"
        >
          <img
            alt=""
            class="icon-bar-icon"
            src="home-icon.svg"
          />
        </a>
      </button>
      <button>
        <a
          href="/add-habit"
        >
          <img
            alt=""
            class="icon-bar-icon"
            src="plus-icon.svg"
          />
        </a>
      </button>
      <button>
        <a
          href="/profile"
        >
          <img
            alt=""
            class="icon-bar-icon"
            src="profile-icon.svg"
          />
        </a>
      </button>
    </div>
  </div>
</DocumentFragment>
`;
