// Jest Snapshot v1, https://goo.gl/fbAQLP

exports[`should take a snapshot 1`] = `
<DocumentFragment>
  <div>
    <h1>
      Register
    </h1>
    <form
      action=""
    >
      <input
        name="username"
        placeholder="username"
        type="text"
      />
      <input
        name="password"
        placeholder="password"
        type="password"
      />
      <input
        name="confirmPassword"
        placeholder="confirm password"
        type="password"
      />
      <div>
        <button
          type="button"
        >
          <a
            href="/"
          >
            Go Back
          </a>
        </button>
        <button
          type="submit"
        >
          Submit
        </button>
      </div>
    </form>
  </div>
</DocumentFragment>
`;
